1111
2222222
333333333
44444
55555